---
source: editoast_derive/src/view_error.rs
---
// Source
// -----------------------------------------------------------------------------

#[error("the outer message is replaced")]
#[view_error(status = IM_A_TEAPOT, context)]
struct Wrapper {
    #[view_error]
    inner: InnerError,
}

// Macro expansion
// -----------------------------------------------------------------------------

impl crate::views::error::ViewError for Wrapper {
    const LABEL: &'static str = "Wrapper";
    fn status(&self) -> axum::http::StatusCode {
        match self {
            Self { inner: _inner } => crate::views::error::ViewError::status(_inner),
        }
    }
    fn sub_label(&self) -> Option<&'static str> {
        match self {
            Self { inner: _inner } => crate::views::error::ViewError::sub_label(_inner),
        }
    }
    fn context(self) -> std::collections::HashMap<String, serde_json::Value> {
        match self {
            Self { inner: _inner } => crate::views::error::ViewError::context(_inner),
        }
    }
    fn responses() -> Vec<crate::views::error::OpenApiResponse> {
        let mut responses = Vec::from([]);
        responses.extend(<InnerError as crate::views::error::ViewError>::responses());
        responses
    }
}
impl utoipa::IntoResponses for Wrapper {
    fn responses() -> std::collections::BTreeMap<
        String,
        utoipa::openapi::RefOr<utoipa::openapi::response::Response>,
    > {
        <Self as crate::views::error::ViewError>::utoipa_responses().into()
    }
}
impl axum::response::IntoResponse for Wrapper {
    fn into_response(self) -> axum::response::Response {
        <Self as crate::views::error::ViewError>::into_response(self)
    }
}
